// Jest Snapshot v1, https://goo.gl/fbAQLP

exports[`AddressModal renders correctly 1`] = `
<Modal
  animationType="slide"
  hardwareAccelerated={false}
  style={
    {
      "flexDirection": "row",
    }
  }
  transparent={true}
  visible={true}
>
  <RCTScrollView
    contentContainerStyle={
      {
        "height": "auto",
        "marginTop": "38%",
        "paddingBottom": "40%",
      }
    }
    showsVerticalScrollIndicator={false}
  >
    <View>
      <View
        style={
          {
            "backgroundColor": "#101427",
            "height": "100%",
            "paddingHorizontal": 10,
            "paddingVertical": 17,
          }
        }
      >
        <View
          style={
            {
              "alignItems": "center",
              "flexDirection": "row",
              "justifyContent": "center",
            }
          }
        >
          <Text
            style={
              {
                "color": "#fff",
                "fontSize": 18,
              }
            }
          >
            address
          </Text>
          <View
            accessibilityLabel="Close Modal"
            accessibilityState={
              {
                "busy": undefined,
                "checked": undefined,
                "disabled": undefined,
                "expanded": undefined,
                "selected": undefined,
              }
            }
            accessibilityValue={
              {
                "max": undefined,
                "min": undefined,
                "now": undefined,
                "text": undefined,
              }
            }
            accessible={true}
            collapsable={false}
            focusable={true}
            onClick={[Function]}
            onResponderGrant={[Function]}
            onResponderMove={[Function]}
            onResponderRelease={[Function]}
            onResponderTerminate={[Function]}
            onResponderTerminationRequest={[Function]}
            onStartShouldSetResponder={[Function]}
            style={
              {
                "alignItems": "center",
                "backgroundColor": "#D9D9D9",
                "borderRadius": 100,
                "height": 36,
                "justifyContent": "center",
                "opacity": 1,
                "padding": 5,
                "position": "absolute",
                "right": 0,
                "width": 36,
              }
            }
          >
            <svg
              height={20}
              width={20}
            />
          </View>
        </View>
        <View
          style={
            {
              "gap": 20,
              "height": "100%",
              "marginTop": 35,
              "paddingHorizontal": 8,
            }
          }
        >
          <View
            accessibilityState={
              {
                "busy": undefined,
                "checked": undefined,
                "disabled": undefined,
                "expanded": undefined,
                "selected": undefined,
              }
            }
            accessibilityValue={
              {
                "max": undefined,
                "min": undefined,
                "now": undefined,
                "text": undefined,
              }
            }
            accessible={true}
            collapsable={false}
            focusable={true}
            onClick={[Function]}
            onResponderGrant={[Function]}
            onResponderMove={[Function]}
            onResponderRelease={[Function]}
            onResponderTerminate={[Function]}
            onResponderTerminationRequest={[Function]}
            onStartShouldSetResponder={[Function]}
            style={
              {
                "opacity": 1,
              }
            }
          >
            <View
              style={
                {
                  "alignItems": "center",
                  "backgroundColor": "#1d2133",
                  "borderBottomColor": undefined,
                  "borderBottomEndRadius": undefined,
                  "borderBottomStartRadius": undefined,
                  "borderBottomWidth": 0,
                  "borderRadius": 7,
                  "borderTopEndRadius": undefined,
                  "borderTopStartRadius": undefined,
                  "flexDirection": "row",
                  "height": 48,
                  "justifyContent": "space-between",
                  "paddingHorizontal": 18,
                  "paddingVertical": 9,
                  "width": "100%",
                }
              }
            >
              <Text
                style={
                  {
                    "color": "#FFF",
                    "fontSize": 15,
                  }
                }
              >
                address
              </Text>
              <View
                style={
                  {
                    "alignItems": "center",
                  }
                }
              >
                <Text
                  style={
                    {
                      "color": "#DF7800",
                      "fontSize": 15,
                    }
                  }
                >
                  ...
                </Text>
              </View>
            </View>
          </View>
          <View>
            <View
              style={
                {
                  "alignItems": "center",
                  "backgroundColor": "#1d2133",
                  "borderBottomColor": undefined,
                  "borderBottomEndRadius": 0,
                  "borderBottomStartRadius": 0,
                  "borderBottomWidth": 0,
                  "borderRadius": 7,
                  "borderTopEndRadius": undefined,
                  "borderTopStartRadius": undefined,
                  "flexDirection": "row",
                  "height": 48,
                  "justifyContent": "space-between",
                  "paddingHorizontal": 18,
                  "paddingVertical": 9,
                  "width": "100%",
                }
              }
            >
              <Text
                style={
                  {
                    "color": "#FFF",
                    "fontSize": 15,
                  }
                }
              >
                total_received
              </Text>
              <View
                style={
                  {
                    "alignItems": "center",
                  }
                }
              >
                <Text
                  style={
                    {
                      "color": "#DF7800",
                      "fontSize": 15,
                    }
                  }
                >
                  0 BTC
                </Text>
              </View>
            </View>
            <View
              style={
                {
                  "alignItems": "center",
                  "backgroundColor": "#1d2133",
                  "borderBottomColor": undefined,
                  "borderBottomEndRadius": 0,
                  "borderBottomStartRadius": 0,
                  "borderBottomWidth": 0,
                  "borderRadius": 7,
                  "borderTopEndRadius": 0,
                  "borderTopStartRadius": 0,
                  "flexDirection": "row",
                  "height": 48,
                  "justifyContent": "space-between",
                  "paddingHorizontal": 18,
                  "paddingVertical": 9,
                  "width": "100%",
                }
              }
            >
              <Text
                style={
                  {
                    "color": "#FFF",
                    "fontSize": 15,
                  }
                }
              >
                total_sent
              </Text>
              <View
                style={
                  {
                    "alignItems": "center",
                  }
                }
              >
                <Text
                  style={
                    {
                      "color": "#DF7800",
                      "fontSize": 15,
                    }
                  }
                >
                  0 BTC
                </Text>
              </View>
            </View>
            <View
              style={
                {
                  "alignItems": "center",
                  "backgroundColor": "#1d2133",
                  "borderBottomColor": undefined,
                  "borderBottomEndRadius": undefined,
                  "borderBottomStartRadius": undefined,
                  "borderBottomWidth": 0,
                  "borderRadius": 7,
                  "borderTopEndRadius": 0,
                  "borderTopStartRadius": 0,
                  "flexDirection": "row",
                  "height": 48,
                  "justifyContent": "space-between",
                  "paddingHorizontal": 18,
                  "paddingVertical": 9,
                  "width": "100%",
                }
              }
            >
              <Text
                style={
                  {
                    "color": "#FFF",
                    "fontSize": 15,
                  }
                }
              >
                balance
              </Text>
              <View
                style={
                  {
                    "alignItems": "center",
                  }
                }
              >
                <Text
                  style={
                    {
                      "color": "#DF7800",
                      "fontSize": 15,
                    }
                  }
                >
                  0 BTC
                </Text>
              </View>
            </View>
          </View>
          <View>
            <View
              style={
                {
                  "backgroundColor": "#101427",
                  "gap": 16,
                  "height": "100%",
                }
              }
            >
              <Text
                style={
                  {
                    "color": "#FFF",
                    "fontSize": 15,
                    "fontWeight": "600",
                  }
                }
              >
                inputs_and_outputs
              </Text>
              <View
                style={
                  {
                    "alignItems": "center",
                    "backgroundColor": "#1d2133",
                    "borderRadius": 8,
                    "flexDirection": "row",
                    "justifyContent": "space-evenly",
                    "maxWidth": "100%",
                    "paddingVertical": 5,
                  }
                }
              >
                <View
                  style={
                    {
                      "alignItems": "center",
                      "gap": 5,
                    }
                  }
                >
                  <View
                    style={
                      {
                        "alignItems": "center",
                        "width": "100%",
                      }
                    }
                  >
                    <Text
                      style={
                        {
                          "color": "#DF7800",
                          "fontSize": 16,
                        }
                      }
                    >
                       ...
                    </Text>
                    <Text
                      style={
                        {
                          "color": "#FFF",
                          "fontSize": 13,
                          "textAlign": "right",
                        }
                      }
                    >
                      0
                       BTC
                    </Text>
                    <Text
                      style={
                        {
                          "color": "#DF7800",
                          "fontSize": 14,
                          "textAlign": "center",
                        }
                      }
                    />
                  </View>
                </View>
                <Text
                  style={
                    {
                      "color": "#D9D9D9",
                      "fontSize": 28,
                      "fontWeight": "800",
                    }
                  }
                >
                  &gt;
                </Text>
                <View
                  style={
                    {
                      "alignItems": "center",
                      "gap": 5,
                    }
                  }
                >
                  <View
                    style={
                      {
                        "alignItems": "center",
                        "width": "100%",
                      }
                    }
                  >
                    <Text
                      style={
                        {
                          "color": "#DF7800",
                          "fontSize": 16,
                        }
                      }
                    >
                       ...
                    </Text>
                    <Text
                      style={
                        {
                          "color": "#FFF",
                          "fontSize": 13,
                          "textAlign": "right",
                        }
                      }
                    >
                      0
                       BTC
                    </Text>
                    <Text
                      style={
                        {
                          "color": "#DF7800",
                          "fontSize": 14,
                          "textAlign": "center",
                        }
                      }
                    >
                      $ 0,00
                    </Text>
                  </View>
                </View>
              </View>
            </View>
            <View
              style={
                {
                  "backgroundColor": "#101427",
                  "gap": 16,
                  "height": "100%",
                }
              }
            >
              <Text
                style={
                  {
                    "color": "#FFF",
                    "fontSize": 15,
                    "fontWeight": "600",
                  }
                }
              >
                inputs_and_outputs
              </Text>
              <View
                style={
                  {
                    "alignItems": "center",
                    "backgroundColor": "#1d2133",
                    "borderRadius": 8,
                    "flexDirection": "row",
                    "justifyContent": "space-evenly",
                    "maxWidth": "100%",
                    "paddingVertical": 5,
                  }
                }
              >
                <View
                  style={
                    {
                      "alignItems": "center",
                      "gap": 5,
                    }
                  }
                >
                  <View
                    style={
                      {
                        "alignItems": "center",
                        "width": "100%",
                      }
                    }
                  >
                    <Text
                      style={
                        {
                          "color": "#DF7800",
                          "fontSize": 16,
                        }
                      }
                    >
                       ...
                    </Text>
                    <Text
                      style={
                        {
                          "color": "#FFF",
                          "fontSize": 13,
                          "textAlign": "right",
                        }
                      }
                    >
                      0
                       BTC
                    </Text>
                    <Text
                      style={
                        {
                          "color": "#DF7800",
                          "fontSize": 14,
                          "textAlign": "center",
                        }
                      }
                    />
                  </View>
                </View>
                <Text
                  style={
                    {
                      "color": "#D9D9D9",
                      "fontSize": 28,
                      "fontWeight": "800",
                    }
                  }
                >
                  &gt;
                </Text>
                <View
                  style={
                    {
                      "alignItems": "center",
                      "gap": 5,
                    }
                  }
                >
                  <View
                    style={
                      {
                        "alignItems": "center",
                        "width": "100%",
                      }
                    }
                  >
                    <Text
                      style={
                        {
                          "color": "#DF7800",
                          "fontSize": 16,
                        }
                      }
                    >
                       ...
                    </Text>
                    <Text
                      style={
                        {
                          "color": "#FFF",
                          "fontSize": 13,
                          "textAlign": "right",
                        }
                      }
                    >
                      0
                       BTC
                    </Text>
                    <Text
                      style={
                        {
                          "color": "#DF7800",
                          "fontSize": 14,
                          "textAlign": "center",
                        }
                      }
                    >
                      $ 0,00
                    </Text>
                  </View>
                </View>
              </View>
            </View>
          </View>
        </View>
      </View>
    </View>
  </RCTScrollView>
</Modal>
`;
