// Jest Snapshot v1, https://goo.gl/fbAQLP

exports[`SmallBoxInfo renders correctly 1`] = `
<View
  style={
    {
      "flexDirection": "row",
      "justifyContent": "space-around",
      "width": "100%",
    }
  }
>
  <View
    style={
      {
        "alignItems": "center",
        "backgroundColor": "#1d2133",
        "borderRadius": 7,
        "paddingHorizontal": 8,
        "paddingVertical": 16,
        "textAlign": "center",
        "width": 100,
      }
    }
  >
    <Text
      style={
        {
          "color": "#FFF",
          "fontSize": 14,
        }
      }
    >
      1
       sat/vB
    </Text>
    <Text
      style={
        {
          "color": "#DF7800",
        }
      }
    >
      0.000001
    </Text>
  </View>
  <View
    style={
      {
        "alignItems": "center",
        "backgroundColor": "#1d2133",
        "borderRadius": 7,
        "paddingHorizontal": 8,
        "paddingVertical": 16,
        "textAlign": "center",
        "width": 100,
      }
    }
  >
    <Text
      style={
        {
          "color": "#FFF",
          "fontSize": 14,
        }
      }
    >
      2
       sat/vB
    </Text>
    <Text
      style={
        {
          "color": "#DF7800",
        }
      }
    >
      0.000002
    </Text>
  </View>
  <View
    style={
      {
        "alignItems": "center",
        "backgroundColor": "#1d2133",
        "borderRadius": 7,
        "paddingHorizontal": 8,
        "paddingVertical": 16,
        "textAlign": "center",
        "width": 100,
      }
    }
  >
    <Text
      style={
        {
          "color": "#FFF",
          "fontSize": 14,
        }
      }
    >
      3
       sat/vB
    </Text>
    <Text
      style={
        {
          "color": "#DF7800",
        }
      }
    >
      0.000003
    </Text>
  </View>
</View>
`;
