// Jest Snapshot v1, https://goo.gl/fbAQLP

exports[`PrioritiesTax renders correctly 1`] = `
[
  <View
    style={
      {
        "backgroundColor": "#1d2133",
        "borderRadius": 8,
        "flexDirection": "row",
        "justifyContent": "space-around",
        "padding": 16,
        "width": "100%",
      }
    }
  >
    <Text
      style={
        {
          "color": "#FFF",
          "fontSize": 12,
        }
      }
    >
      low_priority
    </Text>
    <Text
      style={
        {
          "color": "#FFF",
          "fontSize": 12,
        }
      }
    >
      medium_priority
    </Text>
    <Text
      style={
        {
          "color": "#FFF",
          "fontSize": 12,
        }
      }
    >
      high_priority
    </Text>
  </View>,
  <View
    style={
      {
        "flexDirection": "row",
        "justifyContent": "space-around",
        "width": "100%",
      }
    }
  >
    <View
      style={
        {
          "alignItems": "center",
          "backgroundColor": "#1d2133",
          "borderRadius": 7,
          "paddingHorizontal": 8,
          "paddingVertical": 16,
          "textAlign": "center",
          "width": 100,
        }
      }
    >
      <Text
        style={
          {
            "color": "#FFF",
            "fontSize": 14,
          }
        }
      >
         
         sat/vB
      </Text>
      <Text
        style={
          {
            "color": "#DF7800",
          }
        }
      >
         
      </Text>
    </View>
    <View
      style={
        {
          "alignItems": "center",
          "backgroundColor": "#1d2133",
          "borderRadius": 7,
          "paddingHorizontal": 8,
          "paddingVertical": 16,
          "textAlign": "center",
          "width": 100,
        }
      }
    >
      <Text
        style={
          {
            "color": "#FFF",
            "fontSize": 14,
          }
        }
      >
         
         sat/vB
      </Text>
      <Text
        style={
          {
            "color": "#DF7800",
          }
        }
      >
         
      </Text>
    </View>
    <View
      style={
        {
          "alignItems": "center",
          "backgroundColor": "#1d2133",
          "borderRadius": 7,
          "paddingHorizontal": 8,
          "paddingVertical": 16,
          "textAlign": "center",
          "width": 100,
        }
      }
    >
      <Text
        style={
          {
            "color": "#FFF",
            "fontSize": 14,
          }
        }
      >
         
         sat/vB
      </Text>
      <Text
        style={
          {
            "color": "#DF7800",
          }
        }
      >
         
      </Text>
    </View>
  </View>,
]
`;
